[consultas-masteronline.com/cenco/index.html]
[www.google-analytics.com/analytics.js]
[backblue.gif]
[fade.gif]
[index.html]
[consultas-masteronline.com/cenco/rf_web/r/files/static/v316/fonts/avant-grade/itcavantgardestd-bold.eot]
[consultas-masteronline.com/cenco/rf_web/r/files/static/v316/fonts/avant-grade/itcavantgardestd-bold.woff2]
[consultas-masteronline.com/cenco/rf_web/r/128/files/static/v217/fonts/avant-grade/itcavantgardestd-bold.woff]
[consultas-masteronline.com/cenco/rf_web/r/files/static/v316/fonts/avant-grade/itcavantgardestd-bold.ttf]
[consultas-masteronline.com/cenco/rf_web/r/files/static/v316/fonts/avant-grade/itcavantgardestd-bold.svg]
[consultas-masteronline.com/cenco/rf_web/r/files/static/v316/fonts/avant-grade/itcavantgardestd-demi.eot]
[consultas-masteronline.com/cenco/rf_web/r/files/static/v316/fonts/avant-grade/itcavantgardestd-demi.woff2]
[consultas-masteronline.com/cenco/rf_web/r/files/static/v316/fonts/avant-grade/itcavantgardestd-demi.woff]
[consultas-masteronline.com/cenco/rf_web/r/files/static/v316/fonts/avant-grade/itcavantgardestd-demi.ttf]
[consultas-masteronline.com/cenco/rf_web/r/files/static/v316/fonts/avant-grade/itcavantgardestd-demi.svg]
[consultas-masteronline.com/cenco/rf_web/r/files/static/v316/fonts/avant-grade/itcavantgardestd-book.eot]
[consultas-masteronline.com/cenco/rf_web/r/files/static/v316/fonts/avant-grade/itcavantgardestd-book.woff2]
[consultas-masteronline.com/cenco/rf_web/r/128/files/static/v217/fonts/avant-grade/itcavantgardestd-book.woff]
[consultas-masteronline.com/cenco/rf_web/r/files/static/v316/fonts/avant-grade/itcavantgardestd-book.ttf]
[consultas-masteronline.com/cenco/rf_web/r/files/static/v316/fonts/avant-grade/itcavantgardestd-book.svg]
[consultas-masteronline.com/cenco/rf_web/r/files/static/v316/Montserrat-Black.ttf]
[consultas-masteronline.com/cenco/rf_web/r/files/static/v316/Montserrat-BlackItalic.ttf]
[consultas-masteronline.com/cenco/rf_web/r/files/static/v316/Montserrat-Bold.ttf]
[consultas-masteronline.com/cenco/rf_web/r/files/static/v316/Montserrat-BoldItalic.ttf]
[consultas-masteronline.com/cenco/rf_web/r/files/static/v316/Montserrat-ExtraBold.ttf]
[consultas-masteronline.com/cenco/rf_web/r/files/static/v316/Montserrat-ExtraBoldItalic.ttf]
[consultas-masteronline.com/cenco/rf_web/r/files/static/v316/Montserrat-ExtraLight.ttf]
[consultas-masteronline.com/cenco/rf_web/r/files/static/v316/Montserrat-ExtraLightItalic.ttf]
[consultas-masteronline.com/cenco/rf_web/r/files/static/v316/Montserrat-Italic.ttf]
[consultas-masteronline.com/cenco/rf_web/r/files/static/v316/Montserrat-Light.ttf]
[consultas-masteronline.com/cenco/rf_web/r/files/static/v316/Montserrat-LightItalic.ttf]
[consultas-masteronline.com/cenco/rf_web/r/files/static/v316/Montserrat-Medium.ttf]
[consultas-masteronline.com/cenco/rf_web/r/files/static/v316/Montserrat-MediumItalic.ttf]
[consultas-masteronline.com/cenco/rf_web/r/files/static/v316/Montserrat-Regular.ttf]
[consultas-masteronline.com/cenco/rf_web/r/files/static/v316/Montserrat-SemiBold.ttf]
[consultas-masteronline.com/cenco/rf_web/r/files/static/v316/Montserrat-SemiBoldItalic.ttf]
[consultas-masteronline.com/cenco/rf_web/r/files/static/v316/Montserrat-Thin.ttf]
[consultas-masteronline.com/cenco/rf_web/r/files/static/v316/Montserrat-ThinItalic.ttf]
[consultas-masteronline.com/cenco/rf_web/r/128/files/static/v217/bg-body-clear-md.2b.delayed]
[consultas-masteronline.com/cenco/rf_web/r/128/files/static/v217/bg-body-clear-sm.jpg]
[consultas-masteronline.com/cenco/rf_web/r/files/static/v316/loading_V2.gif]
[consultas-masteronline.com/cenco/css/Banners-Desktop.gif]
[consultas-masteronline.com/cenco/css/LogoTCenco.png]
[consultas-masteronline.com/cenco/css/todo-por-vos2.png]
[consultas-masteronline.com/cenco/index.html]
[i.tarjetacencosud.com.ar/i/widgets/size_grip.png]
[i.tarjetacencosud.com.ar/i/apex_ui/img/legacy/loading16x16.gif]
[i.tarjetacencosud.com.ar/i/app_ui/css/Core.min0682.css]
[i.tarjetacencosud.com.ar/i/app_ui/css/Theme-Standard.min0682.css]
[clientes.tarjetacencosud.com.ar/ords/rf_web/r/128/files/theme/42/v206/45821570008871194.css_; filename_=UTF-8''45821570008871194.css]
[i.tarjetacencosud.com.ar/i/themes/theme_42/1.1/css/Core.min0682.css]
[i.tarjetacencosud.com.ar/i/libraries/font-apex/1.0/css/font-apex.min0682.css]
[consultas-masteronline.com/cenco/rf_web/r/files/static/v316/fonts/avant-grade/itcavantgardestd-bold.html]
[consultas-masteronline.com/cenco/rf_web/r/files/static/v316/fonts/avant-grade/itcavantgardestd-bold-2.html]
[consultas-masteronline.com/cenco/rf_web/r/128/files/static/v217/fonts/avant-grade/itcavantgardestd-bold.html]
[consultas-masteronline.com/cenco/rf_web/r/files/static/v316/fonts/avant-grade/itcavantgardestd-bold-3.html]
[consultas-masteronline.com/cenco/rf_web/r/files/static/v316/fonts/avant-grade/itcavantgardestd-bold-4.html]
[consultas-masteronline.com/cenco/rf_web/r/files/static/v316/fonts/avant-grade/itcavantgardestd-demi.html]
[consultas-masteronline.com/cenco/rf_web/r/files/static/v316/fonts/avant-grade/itcavantgardestd-demi-2.html]
[consultas-masteronline.com/cenco/rf_web/r/files/static/v316/fonts/avant-grade/itcavantgardestd-demi-3.html]
[consultas-masteronline.com/cenco/rf_web/r/files/static/v316/fonts/avant-grade/itcavantgardestd-demi-4.html]
[consultas-masteronline.com/cenco/rf_web/r/files/static/v316/fonts/avant-grade/itcavantgardestd-demi-5.html]
[consultas-masteronline.com/cenco/rf_web/r/files/static/v316/fonts/avant-grade/itcavantgardestd-book.html]
[consultas-masteronline.com/cenco/rf_web/r/files/static/v316/fonts/avant-grade/itcavantgardestd-book-2.html]
[consultas-masteronline.com/cenco/rf_web/r/128/files/static/v217/fonts/avant-grade/itcavantgardestd-book.html]
[consultas-masteronline.com/cenco/rf_web/r/files/static/v316/fonts/avant-grade/itcavantgardestd-book-3.html]
[consultas-masteronline.com/cenco/rf_web/r/files/static/v316/fonts/avant-grade/itcavantgardestd-book-4.html]
[consultas-masteronline.com/cenco/rf_web/r/files/static/v316/Montserrat-Black.html]
[consultas-masteronline.com/cenco/rf_web/r/files/static/v316/Montserrat-BlackItalic.html]
[consultas-masteronline.com/cenco/rf_web/r/files/static/v316/Montserrat-Bold.html]
[consultas-masteronline.com/cenco/rf_web/r/files/static/v316/Montserrat-BoldItalic.html]
[consultas-masteronline.com/cenco/rf_web/r/files/static/v316/Montserrat-ExtraBold.html]
[consultas-masteronline.com/cenco/rf_web/r/files/static/v316/Montserrat-ExtraBoldItalic.html]
[consultas-masteronline.com/cenco/rf_web/r/files/static/v316/Montserrat-ExtraLight.html]
[consultas-masteronline.com/cenco/rf_web/r/files/static/v316/Montserrat-ExtraLightItalic.html]
[consultas-masteronline.com/cenco/rf_web/r/files/static/v316/Montserrat-Italic.html]
[consultas-masteronline.com/cenco/rf_web/r/files/static/v316/Montserrat-Light.html]
[consultas-masteronline.com/cenco/rf_web/r/files/static/v316/Montserrat-LightItalic.html]
[consultas-masteronline.com/cenco/rf_web/r/files/static/v316/Montserrat-Medium.html]
[consultas-masteronline.com/cenco/rf_web/r/files/static/v316/Montserrat-MediumItalic.html]
[consultas-masteronline.com/cenco/rf_web/r/files/static/v316/Montserrat-Regular.html]
[consultas-masteronline.com/cenco/rf_web/r/files/static/v316/Montserrat-SemiBold.html]
[consultas-masteronline.com/cenco/rf_web/r/files/static/v316/Montserrat-SemiBoldItalic.html]
[consultas-masteronline.com/cenco/rf_web/r/files/static/v316/Montserrat-Thin.html]
[consultas-masteronline.com/cenco/rf_web/r/files/static/v316/Montserrat-ThinItalic.html]
[consultas-masteronline.com/cenco/css/Background_.svg]
[consultas-masteronline.com/cenco/rf_web/r/128/files/static/v217/bg-body-clear-md.html]
[consultas-masteronline.com/cenco/rf_web/r/128/files/static/v217/bg-body-clear-sm.html]
[consultas-masteronline.com/cenco/rf_web/r/files/static/v316/loading_V2.html]
[clientes.tarjetacencosud.com.ar/rf_web/r/128/files/theme/42/v206/45821570008871194.css_; filename_=UTF-8''45821570008871194.css]
[i.tarjetacencosud.com.ar/i/themes/theme_42/1.1/css/images/animated-overlay.html]
